{
  "version": "1.5.0",
  "plugins_used": [
    {
      "name": "ArtifactoryDetector"
    },
    {
      "name": "AWSKeyDetector"
    },
    {
      "name": "AzureStorageKeyDetector"
    },
    {
      "name": "Base64HighEntropyString",
      "limit": 4.5
    },
    {
      "name": "BasicAuthDetector"
    },
    {
      "name": "CloudantDetector"
    },
    {
      "name": "DiscordBotTokenDetector"
    },
    {
      "name": "GitHubTokenDetector"
    },
    {
      "name": "GitLabTokenDetector"
    },
    {
      "name": "HexHighEntropyString",
      "limit": 3.0
    },
    {
      "name": "IbmCloudIamDetector"
    },
    {
      "name": "IbmCosHmacDetector"
    },
    {
      "name": "IPPublicDetector"
    },
    {
      "name": "JwtTokenDetector"
    },
    {
      "name": "KeywordDetector",
      "keyword_exclude": ""
    },
    {
      "name": "MailchimpDetector"
    },
    {
      "name": "NpmDetector"
    },
    {
      "name": "OpenAIDetector"
    },
    {
      "name": "PrivateKeyDetector"
    },
    {
      "name": "PypiTokenDetector"
    },
    {
      "name": "SendGridDetector"
    },
    {
      "name": "SlackDetector"
    },
    {
      "name": "SoftlayerDetector"
    },
    {
      "name": "SquareOAuthDetector"
    },
    {
      "name": "StripeDetector"
    },
    {
      "name": "TelegramBotTokenDetector"
    },
    {
      "name": "TwilioKeyDetector"
    }
  ],
  "filters_used": [
    {
      "path": "detect_secrets.filters.allowlist.is_line_allowlisted"
    },
    {
      "path": "detect_secrets.filters.common.is_baseline_file",
      "filename": ".secrets.baseline"
    },
    {
      "path": "detect_secrets.filters.common.is_ignored_due_to_verification_policies",
      "min_level": 2
    },
    {
      "path": "detect_secrets.filters.heuristic.is_indirect_reference"
    },
    {
      "path": "detect_secrets.filters.heuristic.is_likely_id_string"
    },
    {
      "path": "detect_secrets.filters.heuristic.is_lock_file"
    },
    {
      "path": "detect_secrets.filters.heuristic.is_not_alphanumeric_string"
    },
    {
      "path": "detect_secrets.filters.heuristic.is_potential_uuid"
    },
    {
      "path": "detect_secrets.filters.heuristic.is_prefixed_with_dollar_sign"
    },
    {
      "path": "detect_secrets.filters.heuristic.is_sequential_string"
    },
    {
      "path": "detect_secrets.filters.heuristic.is_swagger_file"
    },
    {
      "path": "detect_secrets.filters.heuristic.is_templated_secret"
    }
  ],
  "results": {
    ".env.example": [
      {
        "type": "Basic Auth Credentials",
        "filename": ".env.example",
        "hashed_secret": "5966c3c208219000a1470d166b5a0fd8b848099f",
        "is_verified": false,
        "line_number": 8
      }
    ],
    "alembic\\versions\\059873c4f75a_step78_add_infrastructure_costs_and_.py": [
      {
        "type": "Hex High Entropy String",
        "filename": "alembic\\versions\\059873c4f75a_step78_add_infrastructure_costs_and_.py",
        "hashed_secret": "b0de1d91264c35c8ade2a89fcce20c65b787a5c0",
        "is_verified": false,
        "line_number": 15
      }
    ],
    "alembic\\versions\\07d681c31deb_add_financial_records.py": [
      {
        "type": "Hex High Entropy String",
        "filename": "alembic\\versions\\07d681c31deb_add_financial_records.py",
        "hashed_secret": "374e4991d99e24bcc4636f6088452622b6b9b9d4",
        "is_verified": false,
        "line_number": 15
      }
    ],
    "alembic\\versions\\161454d50ea8_create_organizations_table.py": [
      {
        "type": "Hex High Entropy String",
        "filename": "alembic\\versions\\161454d50ea8_create_organizations_table.py",
        "hashed_secret": "9717c68725d53b917819fcc8cdd2d28915137f77",
        "is_verified": false,
        "line_number": 15
      }
    ],
    "alembic\\versions\\2365e3fa794e_add_consecutive_error_count_and_last_.py": [
      {
        "type": "Hex High Entropy String",
        "filename": "alembic\\versions\\2365e3fa794e_add_consecutive_error_count_and_last_.py",
        "hashed_secret": "78cfea629562cc02730de0caf863cc25e39d0721",
        "is_verified": false,
        "line_number": 15
      }
    ],
    "alembic\\versions\\41dc198be01b_add_battery_degradation_cost_per_kwh_to_.py": [
      {
        "type": "Hex High Entropy String",
        "filename": "alembic\\versions\\41dc198be01b_add_battery_degradation_cost_per_kwh_to_.py",
        "hashed_secret": "be5f303cc8f371b4ae6e2a66a75d13f61c7ddfcf",
        "is_verified": false,
        "line_number": 15
      }
    ],
    "alembic\\versions\\43c50e79ab42_add_recommendation_windows_scoring_.py": [
      {
        "type": "Hex High Entropy String",
        "filename": "alembic\\versions\\43c50e79ab42_add_recommendation_windows_scoring_.py",
        "hashed_secret": "374a067d4b52077e8f9545332a4db3aefaa5e6fd",
        "is_verified": false,
        "line_number": 15
      }
    ],
    "alembic\\versions\\503a80766de3_step83_add_target_service.py": [
      {
        "type": "Hex High Entropy String",
        "filename": "alembic\\versions\\503a80766de3_step83_add_target_service.py",
        "hashed_secret": "3ee57dcc9fc6ca666918cfecd0341a32d9b065e1",
        "is_verified": false,
        "line_number": 15
      }
    ],
    "alembic\\versions\\546b90304eb1_add_energy_readings.py": [
      {
        "type": "Hex High Entropy String",
        "filename": "alembic\\versions\\546b90304eb1_add_energy_readings.py",
        "hashed_secret": "3be4cdc233a3995838557a8bd075eb0ca432e496",
        "is_verified": false,
        "line_number": 15
      }
    ],
    "alembic\\versions\\5c0e41b9373e_add_source_to_energy_readings_for_.py": [
      {
        "type": "Hex High Entropy String",
        "filename": "alembic\\versions\\5c0e41b9373e_add_source_to_energy_readings_for_.py",
        "hashed_secret": "e9005d5d146de744754f349f40d820a0bed1d669",
        "is_verified": false,
        "line_number": 15
      }
    ],
    "alembic\\versions\\5c46123306ad_step84_add_performance_indexes.py": [
      {
        "type": "Hex High Entropy String",
        "filename": "alembic\\versions\\5c46123306ad_step84_add_performance_indexes.py",
        "hashed_secret": "d96de51f4c9713494115c3a41d428608bee31c26",
        "is_verified": false,
        "line_number": 15
      }
    ],
    "alembic\\versions\\6675b10975a3_add_electricity_prices.py": [
      {
        "type": "Hex High Entropy String",
        "filename": "alembic\\versions\\6675b10975a3_add_electricity_prices.py",
        "hashed_secret": "f6ecebd19149d5b216ca4f782c2d4f422f8070f8",
        "is_verified": false,
        "line_number": 15
      }
    ],
    "alembic\\versions\\6acd81ae3201_add_users_factories_solar_systems_.py": [
      {
        "type": "Hex High Entropy String",
        "filename": "alembic\\versions\\6acd81ae3201_add_users_factories_solar_systems_.py",
        "hashed_secret": "1dab553e113a19b1528f2f0a38e7768c075cb476",
        "is_verified": false,
        "line_number": 15
      }
    ],
    "alembic\\versions\\8ea4e1cbd013_add_notification_deliveries_table.py": [
      {
        "type": "Hex High Entropy String",
        "filename": "alembic\\versions\\8ea4e1cbd013_add_notification_deliveries_table.py",
        "hashed_secret": "5565dc424f7c96dd70957005d6aaea43af20945f",
        "is_verified": false,
        "line_number": 15
      }
    ],
    "alembic\\versions\\95d423cb8c10_add_duration_ms_to_job_runs.py": [
      {
        "type": "Hex High Entropy String",
        "filename": "alembic\\versions\\95d423cb8c10_add_duration_ms_to_job_runs.py",
        "hashed_secret": "f7415c64faadf166dda19ad715c9816c6b9c8dde",
        "is_verified": false,
        "line_number": 15
      }
    ],
    "alembic\\versions\\96eaf18f5318_extend_device_energy_readings_with_raw_.py": [
      {
        "type": "Hex High Entropy String",
        "filename": "alembic\\versions\\96eaf18f5318_extend_device_energy_readings_with_raw_.py",
        "hashed_secret": "faf2f32f708767516558ec65a1472a00677e9b77",
        "is_verified": false,
        "line_number": 15
      }
    ],
    "alembic\\versions\\aec92e14d604_add_recommendations.py": [
      {
        "type": "Hex High Entropy String",
        "filename": "alembic\\versions\\aec92e14d604_add_recommendations.py",
        "hashed_secret": "84682363dfd40d0c7984af23a34aab211731793f",
        "is_verified": false,
        "line_number": 15
      }
    ],
    "alembic\\versions\\b9653fbc2cc1_add_notification_preferences.py": [
      {
        "type": "Hex High Entropy String",
        "filename": "alembic\\versions\\b9653fbc2cc1_add_notification_preferences.py",
        "hashed_secret": "c433777a91251c96f960baa8be9411e4d71aa56a",
        "is_verified": false,
        "line_number": 15
      }
    ],
    "alembic\\versions\\bc959cbe3d86_add_device_serial_number_and_key_hash.py": [
      {
        "type": "Hex High Entropy String",
        "filename": "alembic\\versions\\bc959cbe3d86_add_device_serial_number_and_key_hash.py",
        "hashed_secret": "904afc4ceda33da6b07dd872e1489ffebde71eef",
        "is_verified": false,
        "line_number": 15
      }
    ],
    "alembic\\versions\\d79a164452c7_step77_add_on_call_schedules_table.py": [
      {
        "type": "Hex High Entropy String",
        "filename": "alembic\\versions\\d79a164452c7_step77_add_on_call_schedules_table.py",
        "hashed_secret": "c54f6767a52a869ceea2f54fd07ee69e1b4c25c7",
        "is_verified": false,
        "line_number": 15
      }
    ],
    "alembic\\versions\\f2ca379d4467_add_company_fields_to_organization_and_.py": [
      {
        "type": "Hex High Entropy String",
        "filename": "alembic\\versions\\f2ca379d4467_add_company_fields_to_organization_and_.py",
        "hashed_secret": "67336572fb0cbef40dd0fb388044a392df0b22f8",
        "is_verified": false,
        "line_number": 15
      }
    ],
    "alembic\\versions\\fcb8a0250c9b_add_devices.py": [
      {
        "type": "Hex High Entropy String",
        "filename": "alembic\\versions\\fcb8a0250c9b_add_devices.py",
        "hashed_secret": "f5801f00fcb82cad0fe2b4cfe077efc6390abaf4",
        "is_verified": false,
        "line_number": 15
      }
    ],
    "alembic\\versions\\fe2f8c3fe495_add_notifications.py": [
      {
        "type": "Hex High Entropy String",
        "filename": "alembic\\versions\\fe2f8c3fe495_add_notifications.py",
        "hashed_secret": "881504925ceb1d4f04a48d507725f91448010d7b",
        "is_verified": false,
        "line_number": 15
      }
    ],
    "app\\modules\\security\\audit_service.py": [
      {
        "type": "Secret Keyword",
        "filename": "app\\modules\\security\\audit_service.py",
        "hashed_secret": "630254b80e05ea9a12bb7f4f5599c840eb6eefd1",
        "is_verified": false,
        "line_number": 59
      },
      {
        "type": "Secret Keyword",
        "filename": "app\\modules\\security\\audit_service.py",
        "hashed_secret": "e4518b9940baabb8aa6b6d70937b652ec36cff1e",
        "is_verified": false,
        "line_number": 60
      },
      {
        "type": "Secret Keyword",
        "filename": "app\\modules\\security\\audit_service.py",
        "hashed_secret": "95340087e24813f498c787d652372ed9d0424f49",
        "is_verified": false,
        "line_number": 65
      },
      {
        "type": "Secret Keyword",
        "filename": "app\\modules\\security\\audit_service.py",
        "hashed_secret": "db68b3f200797b4787299c55c1da092794424483",
        "is_verified": false,
        "line_number": 66
      }
    ],
    "scripts\\load_test.py": [
      {
        "type": "Secret Keyword",
        "filename": "scripts\\load_test.py",
        "hashed_secret": "401219f199999b7886c5413ebe466562db313629",
        "is_verified": false,
        "line_number": 75
      }
    ],
    "tests\\integration\\test_auth.py": [
      {
        "type": "Secret Keyword",
        "filename": "tests\\integration\\test_auth.py",
        "hashed_secret": "ab3eb0f868f05373c611a6c904ae319ff0772c0c",
        "is_verified": false,
        "line_number": 43
      },
      {
        "type": "Secret Keyword",
        "filename": "tests\\integration\\test_auth.py",
        "hashed_secret": "d5187d62eb205e7330677263f98292f2c2c4e60c",
        "is_verified": false,
        "line_number": 62
      },
      {
        "type": "Secret Keyword",
        "filename": "tests\\integration\\test_auth.py",
        "hashed_secret": "bc7d0af48032303599f08bd3942c3cad9768348f",
        "is_verified": false,
        "line_number": 171
      },
      {
        "type": "Secret Keyword",
        "filename": "tests\\integration\\test_auth.py",
        "hashed_secret": "a41d0e731154466602541e9e5d0b0ed746f36f74",
        "is_verified": false,
        "line_number": 178
      },
      {
        "type": "Secret Keyword",
        "filename": "tests\\integration\\test_auth.py",
        "hashed_secret": "294a5ac403613963732fc97305832d66875fb8a8",
        "is_verified": false,
        "line_number": 206
      },
      {
        "type": "Secret Keyword",
        "filename": "tests\\integration\\test_auth.py",
        "hashed_secret": "a69471ba9e60462b28652fa83b5ada32f927b0df",
        "is_verified": false,
        "line_number": 212
      }
    ],
    "tests\\integration\\test_tenant_isolation.py": [
      {
        "type": "Secret Keyword",
        "filename": "tests\\integration\\test_tenant_isolation.py",
        "hashed_secret": "ab3eb0f868f05373c611a6c904ae319ff0772c0c",
        "is_verified": false,
        "line_number": 28
      }
    ],
    "tests\\test_auth.py": [
      {
        "type": "Secret Keyword",
        "filename": "tests\\test_auth.py",
        "hashed_secret": "ab3eb0f868f05373c611a6c904ae319ff0772c0c",
        "is_verified": false,
        "line_number": 49
      },
      {
        "type": "Secret Keyword",
        "filename": "tests\\test_auth.py",
        "hashed_secret": "294a5ac403613963732fc97305832d66875fb8a8",
        "is_verified": false,
        "line_number": 81
      },
      {
        "type": "Secret Keyword",
        "filename": "tests\\test_auth.py",
        "hashed_secret": "a69471ba9e60462b28652fa83b5ada32f927b0df",
        "is_verified": false,
        "line_number": 89
      },
      {
        "type": "Secret Keyword",
        "filename": "tests\\test_auth.py",
        "hashed_secret": "4be9158f691bb58301ad343a0a3c592b18ffdc3d",
        "is_verified": false,
        "line_number": 163
      },
      {
        "type": "Secret Keyword",
        "filename": "tests\\test_auth.py",
        "hashed_secret": "04e7867654be8417a69f1ae341adab03433002d2",
        "is_verified": false,
        "line_number": 236
      }
    ],
    "tests\\test_devices.py": [
      {
        "type": "Secret Keyword",
        "filename": "tests\\test_devices.py",
        "hashed_secret": "ab3eb0f868f05373c611a6c904ae319ff0772c0c",
        "is_verified": false,
        "line_number": 29
      }
    ],
    "tests\\test_notification_delivery.py": [
      {
        "type": "Secret Keyword",
        "filename": "tests\\test_notification_delivery.py",
        "hashed_secret": "ab3eb0f868f05373c611a6c904ae319ff0772c0c",
        "is_verified": false,
        "line_number": 41
      }
    ],
    "tests\\test_observability.py": [
      {
        "type": "Secret Keyword",
        "filename": "tests\\test_observability.py",
        "hashed_secret": "ab3eb0f868f05373c611a6c904ae319ff0772c0c",
        "is_verified": false,
        "line_number": 30
      }
    ],
    "tests\\test_step78_finops.py": [
      {
        "type": "Secret Keyword",
        "filename": "tests\\test_step78_finops.py",
        "hashed_secret": "ab3eb0f868f05373c611a6c904ae319ff0772c0c",
        "is_verified": false,
        "line_number": 33
      },
      {
        "type": "Secret Keyword",
        "filename": "tests\\test_step78_finops.py",
        "hashed_secret": "a41d0e731154466602541e9e5d0b0ed746f36f74",
        "is_verified": false,
        "line_number": 100
      }
    ],
    "tests\\test_step79_compliance.py": [
      {
        "type": "Secret Keyword",
        "filename": "tests\\test_step79_compliance.py",
        "hashed_secret": "ab3eb0f868f05373c611a6c904ae319ff0772c0c",
        "is_verified": false,
        "line_number": 45
      }
    ],
    "tests\\test_step80_bi.py": [
      {
        "type": "Secret Keyword",
        "filename": "tests\\test_step80_bi.py",
        "hashed_secret": "ab3eb0f868f05373c611a6c904ae319ff0772c0c",
        "is_verified": false,
        "line_number": 28
      }
    ],
    "tests\\test_step81_ai_readiness.py": [
      {
        "type": "Secret Keyword",
        "filename": "tests\\test_step81_ai_readiness.py",
        "hashed_secret": "ab3eb0f868f05373c611a6c904ae319ff0772c0c",
        "is_verified": false,
        "line_number": 32
      }
    ],
    "tests\\test_step82_zero_trust.py": [
      {
        "type": "Secret Keyword",
        "filename": "tests\\test_step82_zero_trust.py",
        "hashed_secret": "ab3eb0f868f05373c611a6c904ae319ff0772c0c",
        "is_verified": false,
        "line_number": 25
      },
      {
        "type": "Secret Keyword",
        "filename": "tests\\test_step82_zero_trust.py",
        "hashed_secret": "98e540ffae8223c143f1453da4c8604ca943213e",
        "is_verified": false,
        "line_number": 48
      }
    ],
    "tests\\test_step83_disaster_recovery.py": [
      {
        "type": "Secret Keyword",
        "filename": "tests\\test_step83_disaster_recovery.py",
        "hashed_secret": "ab3eb0f868f05373c611a6c904ae319ff0772c0c",
        "is_verified": false,
        "line_number": 32
      }
    ],
    "tests\\test_step85_qa.py": [
      {
        "type": "Secret Keyword",
        "filename": "tests\\test_step85_qa.py",
        "hashed_secret": "ab3eb0f868f05373c611a6c904ae319ff0772c0c",
        "is_verified": false,
        "line_number": 24
      },
      {
        "type": "Base64 High Entropy String",
        "filename": "tests\\test_step85_qa.py",
        "hashed_secret": "987c33211282820c46e0c3e5ea46e040d5074703",
        "is_verified": false,
        "line_number": 138
      },
      {
        "type": "Secret Keyword",
        "filename": "tests\\test_step85_qa.py",
        "hashed_secret": "987c33211282820c46e0c3e5ea46e040d5074703",
        "is_verified": false,
        "line_number": 138
      }
    ],
    "tests\\test_step86_production_readiness.py": [
      {
        "type": "Secret Keyword",
        "filename": "tests\\test_step86_production_readiness.py",
        "hashed_secret": "ab3eb0f868f05373c611a6c904ae319ff0772c0c",
        "is_verified": false,
        "line_number": 20
      }
    ]
  },
  "generated_at": "2026-08-15T00:20:02Z"
}
